// Jest Snapshot v1, https://goo.gl/fbAQLP

exports[`Component: TextInput snapshots with default props 1`] = `
<div>
  <div
    class="sc-eCYdKt hSGTba"
  >
    <label
      class="sc-hKMtDE"
    >
      <input
        class="sc-gsnScm lmkUye"
        data-testid="input-test"
        id="input-test"
        name="inputTest"
        value=""
      />
      <span
        class="sc-bczSft cNBLmY"
      >
        label
      </span>
    </label>
  </div>
</div>
`;
