// Jest Snapshot v1, https://goo.gl/fbAQLP

exports[`Component: Typography snapshots 1`] = `
<div>
  <p
    class="sc-bcHOTY crsAFH"
  >
    Text
  </p>
</div>
`;
