// Jest Snapshot v1, https://goo.gl/fbAQLP

exports[`Component: Switch snapshots 1`] = `
<div>
  <label
    class="MuiFormControlLabel-root"
  >
    <span
      class="MuiSwitch-root sc-bczRLJ bSnHEo"
    >
      <span
        aria-disabled="false"
        class="MuiButtonBase-root MuiIconButton-root PrivateSwitchBase-root-1 MuiSwitch-switchBase MuiSwitch-colorSecondary"
        title="AnÃ´nimo?"
        variant="secondary"
      >
        <span
          class="MuiIconButton-label"
        >
          <input
            class="PrivateSwitchBase-input-4 MuiSwitch-input"
            type="checkbox"
            value="false"
          />
          <span
            class="MuiSwitch-thumb"
          />
        </span>
        <span
          class="MuiTouchRipple-root"
        />
      </span>
      <span
        class="MuiSwitch-track"
      />
    </span>
    <span
      class="MuiTypography-root MuiFormControlLabel-label MuiTypography-body1"
    />
  </label>
</div>
`;
