// Jest Snapshot v1, https://goo.gl/fbAQLP

exports[`Component: Avatar snapshots with default props 1`] = `
<div>
  <span>
    <span />
  </span>
</div>
`;

exports[`Component: Avatar snapshots with other props 1`] = `
<div>
  <span>
    <span />
  </span>
</div>
`;
