// Jest Snapshot v1, https://goo.gl/fbAQLP

exports[`Component: Select snapshots with default props 1`] = `
<div>
  <div
    class="MuiFormControl-root sc-bczRLJ"
  >
    <label
      class="MuiFormLabel-root MuiInputLabel-root MuiInputLabel-formControl MuiInputLabel-animated MuiInputLabel-shrink MuiFormLabel-filled"
      data-shrink="true"
    >
      Gender
    </label>
    <div
      class="MuiInputBase-root MuiInput-root MuiInput-underline sc-gsnTZi BhRRc MuiInputBase-formControl MuiInput-formControl"
    >
      <div
        aria-haspopup="listbox"
        class="MuiSelect-root MuiSelect-select MuiSelect-selectMenu MuiInputBase-input MuiInput-input"
        role="button"
        tabindex="0"
      >
        Male
      </div>
      <input
        aria-hidden="true"
        class="MuiSelect-nativeInput"
        tabindex="-1"
        value="Male"
      />
      <svg
        aria-hidden="true"
        class="MuiSvgIcon-root MuiSelect-icon"
        focusable="false"
        viewBox="0 0 24 24"
      >
        <path
          d="M7 10l5 5 5-5z"
        />
      </svg>
    </div>
    <p
      class="MuiFormHelperText-root MuiFormHelperText-filled"
    />
  </div>
</div>
`;
