// Jest Snapshot v1, https://goo.gl/fbAQLP

exports[`Component: Link snapshots with default props 1`] = `
<ContextProvider
  value={Object {}}
>
  <Link
    onPress={[MockFunction]}
  >
    Text
  </Link>
</ContextProvider>
`;
