// Jest Snapshot v1, https://goo.gl/fbAQLP

exports[`Component: Paper snapshots 1`] = `
<div>
  <div
    class="sc-bcHOTY cCjbEw"
  >
    Text
  </div>
</div>
`;
